<!DOCTYPE html>
<html lang="en">
<head>
  <link rel="manifest" href="manifest.json">
</head>
</html>
