<!DOCTYPE html>
<html lang="en">
<head>
  <link rel="manifest" href="manifest.json">
  <link rel="stylesheet" href="style.css">
</head>
<body>
<script src="script.js"></script>
</body>
</html>
